class Test{
	var x;
	var y;
	
	new(){
		this.x=x;
	}
	fo(){
		System.out.println("fun");
	}
	foo(){
		return x;
	}
	x(){
		x++;
	}
}
System.out.println("TODO: fix class declaration");